---
description: "Fresh-context verification of a phase deliverable or wave outcome. Spawns a fresh auditor subagent that re-reads the diff against the success criteria."
---

# /audit

## Canonical algorithm

1. Resolve target: phase id, wave id, or commit range.
2. Identify success criteria from the plan / phase spec and cite evidence
   with dense `[N]` references.
3. Dispatch the auditor subagent with paths, line numbers, criteria.
4. Parse the verdict; convert refutations into TODOs or new waves.
5. Render audit evidence through `eawf audit show --md`.

## Cross-links

The auditor emits one `EvidenceRecord` per criterion (`evidence_kind`
= `gate` | `claim` | `decision`). The aggregate verdict folds into the
target wave / iter `CloseReadiness` projection — `/ship` reads the
same projection so audit and ship share one source of truth on
"is this iter actually closable?". Roles are pinned via `RoleSpec`
(`role="auditor"`); fresh-context isolation stays a `RoleSpec`
invariant, not an ad-hoc dispatch flag.

## Verify surface

Each success criterion is a typed `CriterionSpec`
(`kernel/spec/common.CriterionSpec`) whose optional `response` clause
is mapped to an `oracle_tier` by `assign_oracle_tier`
(`kernel/spec/common.assign_oracle_tier`) — the tier is derived, never
authored on input. `run_oracle` (`workflow/verify/oracle.run_oracle`)
scores a criterion by escalating its gates in ascending oracle-tier
order, so the cheapest deterministic falsifier is always consulted
before any jury spawn. The top tier consults the cross-vendor jury
(`observability/eval/cross_vendor_jury.convene_cross_vendor_jury`)
only when the wave's verdict requirement is `"always"`.

Enforcement is advisory by default: the band-scoped `verify.enforce`
bit defaults to `False` (the close gate stays advisory) and
`cross_vendor_jury` defaults to `False` on the agent-driven profile,
so a jury veto (`FAIL`) is held advisory by `jury_block_authority`
unless a band opts in. A criterion may also name a `QualityDimension`
(`kernel/spec/common.QualityDimension`) so the verdict is attributable
to one ISO-25010 quality axis.

## Pre-flight checklist

- [ ] The auditor must NOT have access to the parent conversation.
- [ ] Every quantitative claim must include source evidence and dense
      citation refs.
- [ ] The target iter is NOT yet closed. Iter close is gated on
      `audit + polish + ship CI + PR review pass` per the
      `iter-phase-close-timing` rule in AGENTS.md; `/audit` runs
      before that close.
- [ ] For an iter-close audit, a full-tree test run exists as evidence:
      Iter-close and any schema/migration wave run ALL of `tests/` — never a scoped subset. Scoped gauntlets have hidden persisted-schema fixture fallout across six test dirs.

## Decision surfaces

On `pass-with-followups`: present the follow-up disposition (open
backlog, open wave, defer) through `AskUserQuestion`. On `fail`:
ask whether to halt the flow or open a remediation wave.

## Output contract

Skill envelope with a per-criterion verdict table and an aggregate
status (`pass | pass-with-followups | fail`).

<!-- argument hint: <phase-id|wave-id|commit-range> -->
ARGUMENTS: $ARGUMENTS
