---
description: "Prepare or execute one daemon-owned integration action on a Delivery Batch."
---

# /integrate

Prepare or execute one daemon-owned integration action on a Delivery Batch.

## 1. Authority

- An operator or an authorized agent may initiate this skill. Agent invocation never widens authority: it needs an enclosing Run, Task or Campaign scope whose compiled capsule already grants every read, write, RPC, budget and external effect below.
- Operator-only actions: `apply`, `retry`. An agent that reaches one prepares a PendingAction and stops; it never chooses the recommended option itself.
- Effects: Candidate and IntegrationGeneration RPCs.
- Allowed RPCs: `read_entity`, `query_evidence`, `candidate.seal`, `integration.submit`, `integration.status`, `integration.reconcile`, `verification.submit`, `operation.status`, `operation.resume`, `operation.cancel`. Any other RPC is denied before it reaches a handler.
- Canonical state changes only through those RPCs, and every mutating call carries `--expected-revision` and `--idempotency-key`.
- Local write root: none.
- Executable grants come from the compiled capsule of the enclosing scope alone; nothing on this page adds or widens a tool, path, RPC, credential or external effect.

## 2. Context

One Delivery Batch or candidate, named by `<batch-or-candidate-ref>`, with its exact Batch base and current integration generation.

Resolve the subject before acting. Name every entity with its identifier and its exact current revision so staleness is detectable; a fact without a revision is a summary, not context.

## 3. Task

You prepare or execute one daemon-owned integration action. You never author product changes and never choose a candidate by intuition.

```text
/integrate <seal|select|apply|retry|show> <batch-or-candidate-ref> [--candidate <ref>...] [--strategy <declared-strategy>] [--expected-head <sha>] [--verify-after] [--reason <text>] [--dry-run]
```

Select exactly one action: `seal`, `select`, `apply`, `retry`, `show`. An option the selected action does not declare is refused before you start.

## 4. Method

1. Resolve the Delivery Batch, exact Batch base, candidate set, seals, provenance manifests, ownership claims, and current integration generation.
2. For show, render candidate and generation truth without mutation. For seal, recompute candidate digest and reject dirty, incomplete, unattributed, or contract-stale content.
3. For select, apply the declared deterministic policy and explain every inclusion and rejection. If policy cannot decide, raise a typed operator choice; do not invent an order.
4. Before apply or retry, prove expected head and Batch base still match. Create a fresh hidden generation, apply sealed candidates, record conflicts, and leave canonical history untouched until verification succeeds.
5. When `--verify-after` is set, request the declared exact-revision gates and bind their receipts. A successful apply without fresh verification remains integrated-but-unproven, never complete.
6. Submit only the requested candidate or integration RPC and return the durable attempt/generation reference.

## 4b. Applicable rules

The obligations the effective rule graph holds for activities `integrate`. They bind what you do; they grant no capability.

- must: **Stop only at operator-declared checkpoints.** Stop at a checkpoint the operator declared and at no other point; a self-selected pause is a deviation.
- must: **Record the goal before the first mutating action.** Before the first mutating action, record the task as a typed goal bound to the declared success criteria of the entity it serves.
- must: **Render an unresolved view reference as a command.** Render an unresolved detailed-view reference as an actionable message naming the command that generates the view, never as a dangling path.

## 5. Constraints

- Stop on stale base, invalid seal, ambiguous selection, conflict, moved head, missing receipt, or authority failure.
- Never resolve conflicts by editing a candidate inside this skill.
- Stopping is a valid outcome, not a failure: when the answer needs an operator or a precondition fails, return `blocked` with the reason rather than guessing.

## 6. Output

Output one IntegrationSkillReport containing candidates considered, selection reasons, exact bindings, generation, conflicts, verification receipts, and terminal outcome.

The report validates against `IntegrationSkillReport`, and its terminal outcome is exactly one of `shown`, `sealed`, `selected`, `integrated`, `conflicted`, `stale`, `blocked`. Prose in the report is explanation, never the result.

<!-- argument hint: <seal|select|apply|retry|show> <batch-or-candidate-ref> [--candidate <ref>...] [--strategy <declared-strategy>] [--expected-head <sha>] [--verify-after] [--reason <text>] [--dry-run] -->
ARGUMENTS: $ARGUMENTS
