---
description: "Plan / revise / apply / drop / show PLANNED-scope phases on the eawf roadmap queue. Mutates state.json via the lifecycle transitions; one phase at a time."
---

# /roadmap

## Canonical algorithm

1. **`propose`** stages a new PLANNED phase + its `P##-I01` iter on
   the queue without any waves yet. Emits a `needs_user` envelope
   with the rendered plan text — the active runtime (Claude
   plan-mode, Codex text-prompt) surfaces it for operator approval.
   When the proposal draws on a source brief, the EAWF022
   propose-coverage lint
   (`platform/lint/eawf022_propose_coverage`) surfaces any brief span
   covered by neither a criterion nor an explicit deferral, so brief
   detail is not silently dropped at render time.
2. **`revise`** edits the PLANNED scope via structured flags:
   `--add-wave`, `--remove-wave`, `--set-deps`, `--retitle`.
   Wave-level mutations route through the PENDING-only transitions
   on the lifecycle state machine. New / edited success criteria are
   typed `CriterionSpec` rows, so the EAWF021 measurability lint
   (`platform/lint/eawf021_measurable_criterion`) rejects an
   unmeasurable criterion before it lands.
3. **`apply`** is the post-propose confirmation step. It validates
   that the phase is PLANNED with at least one wave and emits an
   `ok` envelope; the actual planning is already persisted (propose
   does the state mutation). Use it as the handoff into `/prep`.
4. **`drop`** archives a PLANNED phase (PLANNED → ARCHIVED) when
   the operator rejects the proposed plan.
5. **`show`** renders the queue: text table (default), markdown
   (`--md`), or JSON envelope (`--json`).

## Options

- `--dry-run` (on `propose`) — render the plan text plus the EAWF022
  coverage lint WITHOUT the state mutation `propose` normally
  persists. Default off.
- `--criteria-from-brief <path>` — surface the EAWF022 propose-coverage
  lint against the named brief so no brief span lands uncovered by a
  criterion or an explicit deferral. Default none.

## Pre-flight checklist

- [ ] The daemon is the canonical mutator; roadmap commands proxy
      state mutations through its single-writer path.
- [ ] Brief ids passed via `--from-briefs` should be promoted
      research artefacts (RES-YYYY-MM-DD-NNN).
- [ ] One phase at a time. Bulk-propose is deferred.

## Decision surfaces

`roadmap propose` is the single decision surface — its envelope
status is `needs_user`. The runtime adapter (Claude / Codex /
OpenCode) maps the envelope's `decision_kind=approve_plan` body to
its native confirm UI. `revise`, `apply`, and `drop` emit `ok`
envelopes — operator has already approved via propose (or is
walking back via drop).

## Output contract

`status=needs_user` envelope for `propose` (carries `plan_text` +
`options`). `status=ok` envelope for `revise`, `apply`, `drop`,
`show` — body shape varies per command. JSON envelope is the
machine surface; the default text render is for terminal use.

<!-- argument hint: propose|revise|apply|drop|show <phase-id> [--dry-run] [--criteria-from-brief=<path>] [flags] -->
ARGUMENTS: $ARGUMENTS
