{
  "version": "1.5.0",
  "plugins_used": [
    {
      "name": "ArtifactoryDetector"
    },
    {
      "name": "AWSKeyDetector"
    },
    {
      "name": "AzureStorageKeyDetector"
    },
    {
      "name": "Base64HighEntropyString",
      "limit": 4.5
    },
    {
      "name": "BasicAuthDetector"
    },
    {
      "name": "CloudantDetector"
    },
    {
      "name": "DiscordBotTokenDetector"
    },
    {
      "name": "GitHubTokenDetector"
    },
    {
      "name": "GitLabTokenDetector"
    },
    {
      "name": "HexHighEntropyString",
      "limit": 3.0
    },
    {
      "name": "IbmCloudIamDetector"
    },
    {
      "name": "IbmCosHmacDetector"
    },
    {
      "name": "IPPublicDetector"
    },
    {
      "name": "JwtTokenDetector"
    },
    {
      "name": "KeywordDetector",
      "keyword_exclude": ""
    },
    {
      "name": "MailchimpDetector"
    },
    {
      "name": "NpmDetector"
    },
    {
      "name": "OpenAIDetector"
    },
    {
      "name": "PrivateKeyDetector"
    },
    {
      "name": "PypiTokenDetector"
    },
    {
      "name": "SendGridDetector"
    },
    {
      "name": "SlackDetector"
    },
    {
      "name": "SoftlayerDetector"
    },
    {
      "name": "SquareOAuthDetector"
    },
    {
      "name": "StripeDetector"
    },
    {
      "name": "TelegramBotTokenDetector"
    },
    {
      "name": "TwilioKeyDetector"
    }
  ],
  "filters_used": [
    {
      "path": "detect_secrets.filters.allowlist.is_line_allowlisted"
    },
    {
      "path": "detect_secrets.filters.common.is_baseline_file",
      "filename": ".secrets.baseline"
    },
    {
      "path": "detect_secrets.filters.common.is_ignored_due_to_verification_policies",
      "min_level": 2
    },
    {
      "path": "detect_secrets.filters.heuristic.is_indirect_reference"
    },
    {
      "path": "detect_secrets.filters.heuristic.is_likely_id_string"
    },
    {
      "path": "detect_secrets.filters.heuristic.is_lock_file"
    },
    {
      "path": "detect_secrets.filters.heuristic.is_not_alphanumeric_string"
    },
    {
      "path": "detect_secrets.filters.heuristic.is_potential_uuid"
    },
    {
      "path": "detect_secrets.filters.heuristic.is_prefixed_with_dollar_sign"
    },
    {
      "path": "detect_secrets.filters.heuristic.is_sequential_string"
    },
    {
      "path": "detect_secrets.filters.heuristic.is_swagger_file"
    },
    {
      "path": "detect_secrets.filters.heuristic.is_templated_secret"
    },
    {
      "path": "detect_secrets.filters.regex.should_exclude_file",
      "pattern": [
        "uv\\.lock|\\.gitignore"
      ]
    }
  ],
  "results": {
    ".ea/state.json": [
      {
        "type": "Hex High Entropy String",
        "filename": ".ea/state.json",
        "hashed_secret": "c49313a1d16c2cde0b62bb6dc7f89f3f9457ba16",
        "is_verified": false,
        "line_number": 154
      },
      {
        "type": "Hex High Entropy String",
        "filename": ".ea/state.json",
        "hashed_secret": "d91ede598b025b7e9946ad176a015f8014acb6b5",
        "is_verified": false,
        "line_number": 164
      },
      {
        "type": "Hex High Entropy String",
        "filename": ".ea/state.json",
        "hashed_secret": "7e3a83938b8e4cd24596851946f050541c9ee1cb",
        "is_verified": false,
        "line_number": 174
      },
      {
        "type": "Hex High Entropy String",
        "filename": ".ea/state.json",
        "hashed_secret": "1b07752955aa1ae035d657be692d6785afa727b5",
        "is_verified": false,
        "line_number": 184
      },
      {
        "type": "Hex High Entropy String",
        "filename": ".ea/state.json",
        "hashed_secret": "bf9211ca9f2b92af6e7fff2ae066bf35bbf34dec",
        "is_verified": false,
        "line_number": 194
      },
      {
        "type": "Base64 High Entropy String",
        "filename": ".ea/state.json",
        "hashed_secret": "819ee352fad73da64e3d393ee5c51720af45d0a9",
        "is_verified": false,
        "line_number": 309
      },
      {
        "type": "Hex High Entropy String",
        "filename": ".ea/state.json",
        "hashed_secret": "97dfc3a4a8251871555d1b203a66bbec25ff6255",
        "is_verified": false,
        "line_number": 5366
      },
      {
        "type": "Hex High Entropy String",
        "filename": ".ea/state.json",
        "hashed_secret": "d668f9620c15b0113fa512b6283adbf1dee15032",
        "is_verified": false,
        "line_number": 5396
      },
      {
        "type": "Hex High Entropy String",
        "filename": ".ea/state.json",
        "hashed_secret": "244f2adea43447d2ee3b4a78dc1714085bfbc213",
        "is_verified": false,
        "line_number": 5428
      },
      {
        "type": "Hex High Entropy String",
        "filename": ".ea/state.json",
        "hashed_secret": "a2f4c29b2e9621eb1b17231df451f21e873e5397",
        "is_verified": false,
        "line_number": 5456
      },
      {
        "type": "Hex High Entropy String",
        "filename": ".ea/state.json",
        "hashed_secret": "42ce18ccd68391b87692dbfe418dcceae01e524a",
        "is_verified": false,
        "line_number": 5486
      },
      {
        "type": "Hex High Entropy String",
        "filename": ".ea/state.json",
        "hashed_secret": "2ac13a117c74781178a1159ed8b7aca059f842e0",
        "is_verified": false,
        "line_number": 5515
      },
      {
        "type": "Hex High Entropy String",
        "filename": ".ea/state.json",
        "hashed_secret": "accb8e904746e7a9f6d2f7c2bd3dbf2d5281154b",
        "is_verified": false,
        "line_number": 5545
      },
      {
        "type": "Hex High Entropy String",
        "filename": ".ea/state.json",
        "hashed_secret": "c7dbe9e758f8a0cb1b7ca054c5a07436e3ad57bc",
        "is_verified": false,
        "line_number": 5575
      },
      {
        "type": "Hex High Entropy String",
        "filename": ".ea/state.json",
        "hashed_secret": "2911fcefdfa1233515ce7e42a2a266a2c34c2afc",
        "is_verified": false,
        "line_number": 5602
      },
      {
        "type": "Hex High Entropy String",
        "filename": ".ea/state.json",
        "hashed_secret": "0c0032b08bf91212117746c915ba6846def6191f",
        "is_verified": false,
        "line_number": 5634
      },
      {
        "type": "Hex High Entropy String",
        "filename": ".ea/state.json",
        "hashed_secret": "7a6dcbbf0c84f1b2e14c323c99d504e3a4aa3b99",
        "is_verified": false,
        "line_number": 5663
      },
      {
        "type": "Hex High Entropy String",
        "filename": ".ea/state.json",
        "hashed_secret": "ab9f30a41cb0b6b0fb6478838f7baa69958aa123",
        "is_verified": false,
        "line_number": 5694
      },
      {
        "type": "Hex High Entropy String",
        "filename": ".ea/state.json",
        "hashed_secret": "7382127bb74f914d43ec1f2371f70fa39cd763eb",
        "is_verified": false,
        "line_number": 5724
      },
      {
        "type": "Hex High Entropy String",
        "filename": ".ea/state.json",
        "hashed_secret": "7177db009b8afc2db09874528473792305e7a55a",
        "is_verified": false,
        "line_number": 5755
      },
      {
        "type": "Hex High Entropy String",
        "filename": ".ea/state.json",
        "hashed_secret": "fd19b8ddf2f3d35a7da596fde86d5e4625854516",
        "is_verified": false,
        "line_number": 5784
      },
      {
        "type": "Hex High Entropy String",
        "filename": ".ea/state.json",
        "hashed_secret": "3d1f900dfe0835f5652599ec2c167a9a1b7a9aa5",
        "is_verified": false,
        "line_number": 5813
      },
      {
        "type": "Hex High Entropy String",
        "filename": ".ea/state.json",
        "hashed_secret": "c5d4aa4d3e311ca37670ed3d6c985e3b3262880f",
        "is_verified": false,
        "line_number": 5841
      },
      {
        "type": "Hex High Entropy String",
        "filename": ".ea/state.json",
        "hashed_secret": "a8424e8f1cee94f9ac39f405528b84b985d15403",
        "is_verified": false,
        "line_number": 6371
      },
      {
        "type": "Hex High Entropy String",
        "filename": ".ea/state.json",
        "hashed_secret": "d73c1b42b0047cc8b7dc659246f02ae899753267",
        "is_verified": false,
        "line_number": 6402
      },
      {
        "type": "Hex High Entropy String",
        "filename": ".ea/state.json",
        "hashed_secret": "ef38507ba720422c2fa322fa234df79b98e913cf",
        "is_verified": false,
        "line_number": 6430
      },
      {
        "type": "Hex High Entropy String",
        "filename": ".ea/state.json",
        "hashed_secret": "66bffd421d3cfdc07d251af9358a144a7c9b8540",
        "is_verified": false,
        "line_number": 6460
      },
      {
        "type": "Hex High Entropy String",
        "filename": ".ea/state.json",
        "hashed_secret": "f3bd2dd7b1a0772395f3a50a2d6190e9ab5a5675",
        "is_verified": false,
        "line_number": 6491
      },
      {
        "type": "Hex High Entropy String",
        "filename": ".ea/state.json",
        "hashed_secret": "12ee6a034f1b643bec68c0867ad4f48168147c93",
        "is_verified": false,
        "line_number": 6520
      }
    ],
    ".ea/store/event.jsonl": [
      {
        "type": "Base64 High Entropy String",
        "filename": ".ea/store/event.jsonl",
        "hashed_secret": "16efa92e04b147d0e1290f488514ee5789390ae4",
        "is_verified": false,
        "line_number": 159
      },
      {
        "type": "Base64 High Entropy String",
        "filename": ".ea/store/event.jsonl",
        "hashed_secret": "f3e20b9df0f1ea093f6f5dce8bf6fd94b667c0a4",
        "is_verified": false,
        "line_number": 326
      },
      {
        "type": "Base64 High Entropy String",
        "filename": ".ea/store/event.jsonl",
        "hashed_secret": "9dcdb8882eb5ba06e316d63f314be4ecdcc5a84f",
        "is_verified": false,
        "line_number": 615
      },
      {
        "type": "Base64 High Entropy String",
        "filename": ".ea/store/event.jsonl",
        "hashed_secret": "c6fe09547cfaa84db3a1dca13ab5a768ea6bc288",
        "is_verified": false,
        "line_number": 617
      },
      {
        "type": "Base64 High Entropy String",
        "filename": ".ea/store/event.jsonl",
        "hashed_secret": "ff47eed62f8cfb22e84ea145a7fa7b15519d601c",
        "is_verified": false,
        "line_number": 724
      },
      {
        "type": "Base64 High Entropy String",
        "filename": ".ea/store/event.jsonl",
        "hashed_secret": "39da5635e6896f6b0aca60e8c048253765317d75",
        "is_verified": false,
        "line_number": 725
      },
      {
        "type": "Base64 High Entropy String",
        "filename": ".ea/store/event.jsonl",
        "hashed_secret": "c85f7201a25c186593cb655f1755486e477052d8",
        "is_verified": false,
        "line_number": 726
      },
      {
        "type": "Base64 High Entropy String",
        "filename": ".ea/store/event.jsonl",
        "hashed_secret": "52ff7386eba9a01e795a48e23133dcdbe7ebbe5b",
        "is_verified": false,
        "line_number": 727
      },
      {
        "type": "Base64 High Entropy String",
        "filename": ".ea/store/event.jsonl",
        "hashed_secret": "f731ac5acc338112630b3ed04d33ff4c5b9036a2",
        "is_verified": false,
        "line_number": 728
      },
      {
        "type": "Base64 High Entropy String",
        "filename": ".ea/store/event.jsonl",
        "hashed_secret": "c2886e824bce05d6f6f3ef55bdf5cc869cd4ac9d",
        "is_verified": false,
        "line_number": 729
      },
      {
        "type": "Base64 High Entropy String",
        "filename": ".ea/store/event.jsonl",
        "hashed_secret": "f796a42e0e8f74ac79f4005f9bddbedff103673d",
        "is_verified": false,
        "line_number": 730
      },
      {
        "type": "Base64 High Entropy String",
        "filename": ".ea/store/event.jsonl",
        "hashed_secret": "d800b6b4d4ebfbb7ebe503b5618941c582ef27dd",
        "is_verified": false,
        "line_number": 731
      },
      {
        "type": "Base64 High Entropy String",
        "filename": ".ea/store/event.jsonl",
        "hashed_secret": "779d94c4f6f25822d6df528a30ea6ead58234861",
        "is_verified": false,
        "line_number": 732
      },
      {
        "type": "Base64 High Entropy String",
        "filename": ".ea/store/event.jsonl",
        "hashed_secret": "805f0bd737e8ffe26f6d3db4dfd9ce2333ca9cd3",
        "is_verified": false,
        "line_number": 733
      },
      {
        "type": "Base64 High Entropy String",
        "filename": ".ea/store/event.jsonl",
        "hashed_secret": "27384923e6a924bb0bfff5563ac9b2f9eeea0d0e",
        "is_verified": false,
        "line_number": 734
      },
      {
        "type": "Base64 High Entropy String",
        "filename": ".ea/store/event.jsonl",
        "hashed_secret": "a41a9bdf2477b296452a5d8278be5f96f3b153cf",
        "is_verified": false,
        "line_number": 735
      },
      {
        "type": "Base64 High Entropy String",
        "filename": ".ea/store/event.jsonl",
        "hashed_secret": "8b43bf2e56b16c646462992e5ae443a142f0dce4",
        "is_verified": false,
        "line_number": 736
      },
      {
        "type": "Base64 High Entropy String",
        "filename": ".ea/store/event.jsonl",
        "hashed_secret": "27c35af027603ffdf2bcf53b684f9a61703e8557",
        "is_verified": false,
        "line_number": 737
      },
      {
        "type": "Base64 High Entropy String",
        "filename": ".ea/store/event.jsonl",
        "hashed_secret": "bd57850a015894ce1e7a20a51d397f861fa50f5d",
        "is_verified": false,
        "line_number": 738
      },
      {
        "type": "Base64 High Entropy String",
        "filename": ".ea/store/event.jsonl",
        "hashed_secret": "147fa8761703384ddd4a78c872575a10314faad8",
        "is_verified": false,
        "line_number": 739
      },
      {
        "type": "Base64 High Entropy String",
        "filename": ".ea/store/event.jsonl",
        "hashed_secret": "aeb401e5402fb931c52b9bc69894565cdf66227c",
        "is_verified": false,
        "line_number": 740
      },
      {
        "type": "Base64 High Entropy String",
        "filename": ".ea/store/event.jsonl",
        "hashed_secret": "cac5bb72cf6a81d9c769296e1af3f9dd8c99fbda",
        "is_verified": false,
        "line_number": 741
      },
      {
        "type": "Base64 High Entropy String",
        "filename": ".ea/store/event.jsonl",
        "hashed_secret": "ed6891196498549a249dfbe60e155a36dac53c61",
        "is_verified": false,
        "line_number": 742
      },
      {
        "type": "Base64 High Entropy String",
        "filename": ".ea/store/event.jsonl",
        "hashed_secret": "6198bce3ea9cf196f558e5fcc63b725a69423412",
        "is_verified": false,
        "line_number": 743
      },
      {
        "type": "Base64 High Entropy String",
        "filename": ".ea/store/event.jsonl",
        "hashed_secret": "da6359f29ecb8684eaea830d74296f431da7f0e4",
        "is_verified": false,
        "line_number": 744
      },
      {
        "type": "Base64 High Entropy String",
        "filename": ".ea/store/event.jsonl",
        "hashed_secret": "257e9424bb46964201ec1be3159c84ccea87363b",
        "is_verified": false,
        "line_number": 745
      },
      {
        "type": "Base64 High Entropy String",
        "filename": ".ea/store/event.jsonl",
        "hashed_secret": "819ee352fad73da64e3d393ee5c51720af45d0a9",
        "is_verified": false,
        "line_number": 745
      }
    ],
    "tests/golden/plugin_install/claude/settings.json": [
      {
        "type": "Hex High Entropy String",
        "filename": "tests/golden/plugin_install/claude/settings.json",
        "hashed_secret": "c149df62305fe373618181c31f2387d4c4e36676",
        "is_verified": false,
        "line_number": 38
      }
    ]
  },
  "generated_at": "2026-05-18T19:22:40Z"
}
