{
  "version": "1.5.0",
  "plugins_used": [
    {
      "name": "ArtifactoryDetector"
    },
    {
      "name": "AWSKeyDetector"
    },
    {
      "name": "AzureStorageKeyDetector"
    },
    {
      "name": "Base64HighEntropyString",
      "limit": 4.5
    },
    {
      "name": "BasicAuthDetector"
    },
    {
      "name": "CloudantDetector"
    },
    {
      "name": "DiscordBotTokenDetector"
    },
    {
      "name": "GitHubTokenDetector"
    },
    {
      "name": "GitLabTokenDetector"
    },
    {
      "name": "HexHighEntropyString",
      "limit": 3.0
    },
    {
      "name": "IbmCloudIamDetector"
    },
    {
      "name": "IbmCosHmacDetector"
    },
    {
      "name": "IPPublicDetector"
    },
    {
      "name": "JwtTokenDetector"
    },
    {
      "name": "KeywordDetector",
      "keyword_exclude": ""
    },
    {
      "name": "MailchimpDetector"
    },
    {
      "name": "NpmDetector"
    },
    {
      "name": "OpenAIDetector"
    },
    {
      "name": "PrivateKeyDetector"
    },
    {
      "name": "PypiTokenDetector"
    },
    {
      "name": "SendGridDetector"
    },
    {
      "name": "SlackDetector"
    },
    {
      "name": "SoftlayerDetector"
    },
    {
      "name": "SquareOAuthDetector"
    },
    {
      "name": "StripeDetector"
    },
    {
      "name": "TelegramBotTokenDetector"
    },
    {
      "name": "TwilioKeyDetector"
    }
  ],
  "filters_used": [
    {
      "path": "detect_secrets.filters.allowlist.is_line_allowlisted"
    },
    {
      "path": "detect_secrets.filters.common.is_baseline_file",
      "filename": ".secrets.baseline"
    },
    {
      "path": "detect_secrets.filters.common.is_ignored_due_to_verification_policies",
      "min_level": 2
    },
    {
      "path": "detect_secrets.filters.heuristic.is_indirect_reference"
    },
    {
      "path": "detect_secrets.filters.heuristic.is_likely_id_string"
    },
    {
      "path": "detect_secrets.filters.heuristic.is_lock_file"
    },
    {
      "path": "detect_secrets.filters.heuristic.is_not_alphanumeric_string"
    },
    {
      "path": "detect_secrets.filters.heuristic.is_potential_uuid"
    },
    {
      "path": "detect_secrets.filters.heuristic.is_prefixed_with_dollar_sign"
    },
    {
      "path": "detect_secrets.filters.heuristic.is_sequential_string"
    },
    {
      "path": "detect_secrets.filters.heuristic.is_swagger_file"
    },
    {
      "path": "detect_secrets.filters.heuristic.is_templated_secret"
    },
    {
      "path": "detect_secrets.filters.regex.should_exclude_file",
      "pattern": [
        "uv\\.lock|\\.gitignore"
      ]
    }
  ],
  "results": {
    ".ea/state.json": [
      {
        "type": "Hex High Entropy String",
        "filename": ".ea/state.json",
        "hashed_secret": "6648aeab215d0cf155bfc16634b8022d272e1ce3",
        "is_verified": false,
        "line_number": 1432
      },
      {
        "type": "Hex High Entropy String",
        "filename": ".ea/state.json",
        "hashed_secret": "3211a34cdceedf0176bb36c57798b2cf8e862d8c",
        "is_verified": false,
        "line_number": 1453
      },
      {
        "type": "Hex High Entropy String",
        "filename": ".ea/state.json",
        "hashed_secret": "a350d31cab99e34f488ad90a9bf8b2a65360d850",
        "is_verified": false,
        "line_number": 1473
      },
      {
        "type": "Hex High Entropy String",
        "filename": ".ea/state.json",
        "hashed_secret": "49559f63623d3368deac5d976f75d9fad80c2bc1",
        "is_verified": false,
        "line_number": 1493
      },
      {
        "type": "Hex High Entropy String",
        "filename": ".ea/state.json",
        "hashed_secret": "41589a102a2317457ed26a5f65454d55e2a1cae9",
        "is_verified": false,
        "line_number": 1842
      },
      {
        "type": "Hex High Entropy String",
        "filename": ".ea/state.json",
        "hashed_secret": "e7c5c08792872d5fe5d025950efc6bd07bb1000f",
        "is_verified": false,
        "line_number": 1969
      }
    ],
    ".ea/store/event.jsonl": [
      {
        "type": "Base64 High Entropy String",
        "filename": ".ea/store/event.jsonl",
        "hashed_secret": "16efa92e04b147d0e1290f488514ee5789390ae4",
        "is_verified": false,
        "line_number": 159
      }
    ],
    "tests/golden/plugin_install/claude/settings.json": [
      {
        "type": "Hex High Entropy String",
        "filename": "tests/golden/plugin_install/claude/settings.json",
        "hashed_secret": "eb5ef73862eb3d512893da44dedaa5ccd1e4467a",
        "is_verified": false,
        "line_number": 38
      }
    ]
  },
  "generated_at": "2026-05-11T15:14:15Z"
}
