{
  "version": "1.5.0",
  "plugins_used": [
    {
      "name": "ArtifactoryDetector"
    },
    {
      "name": "AWSKeyDetector"
    },
    {
      "name": "AzureStorageKeyDetector"
    },
    {
      "name": "Base64HighEntropyString",
      "limit": 4.5
    },
    {
      "name": "BasicAuthDetector"
    },
    {
      "name": "CloudantDetector"
    },
    {
      "name": "DiscordBotTokenDetector"
    },
    {
      "name": "GitHubTokenDetector"
    },
    {
      "name": "GitLabTokenDetector"
    },
    {
      "name": "HexHighEntropyString",
      "limit": 3.0
    },
    {
      "name": "IbmCloudIamDetector"
    },
    {
      "name": "IbmCosHmacDetector"
    },
    {
      "name": "IPPublicDetector"
    },
    {
      "name": "JwtTokenDetector"
    },
    {
      "name": "KeywordDetector",
      "keyword_exclude": ""
    },
    {
      "name": "MailchimpDetector"
    },
    {
      "name": "NpmDetector"
    },
    {
      "name": "OpenAIDetector"
    },
    {
      "name": "PrivateKeyDetector"
    },
    {
      "name": "PypiTokenDetector"
    },
    {
      "name": "SendGridDetector"
    },
    {
      "name": "SlackDetector"
    },
    {
      "name": "SoftlayerDetector"
    },
    {
      "name": "SquareOAuthDetector"
    },
    {
      "name": "StripeDetector"
    },
    {
      "name": "TelegramBotTokenDetector"
    },
    {
      "name": "TwilioKeyDetector"
    }
  ],
  "filters_used": [
    {
      "path": "detect_secrets.filters.allowlist.is_line_allowlisted"
    },
    {
      "path": "detect_secrets.filters.common.is_baseline_file",
      "filename": ".secrets.baseline"
    },
    {
      "path": "detect_secrets.filters.common.is_ignored_due_to_verification_policies",
      "min_level": 2
    },
    {
      "path": "detect_secrets.filters.heuristic.is_indirect_reference"
    },
    {
      "path": "detect_secrets.filters.heuristic.is_likely_id_string"
    },
    {
      "path": "detect_secrets.filters.heuristic.is_lock_file"
    },
    {
      "path": "detect_secrets.filters.heuristic.is_not_alphanumeric_string"
    },
    {
      "path": "detect_secrets.filters.heuristic.is_potential_uuid"
    },
    {
      "path": "detect_secrets.filters.heuristic.is_prefixed_with_dollar_sign"
    },
    {
      "path": "detect_secrets.filters.heuristic.is_sequential_string"
    },
    {
      "path": "detect_secrets.filters.heuristic.is_swagger_file"
    },
    {
      "path": "detect_secrets.filters.heuristic.is_templated_secret"
    },
    {
      "path": "detect_secrets.filters.regex.should_exclude_file",
      "pattern": [
        "uv\\.lock|\\.gitignore|^\\.ea/state\\.json$|^\\.ea/store/.*\\.jsonl$"
      ]
    }
  ],
  "results": {
    ".ea/artifacts/evidence/2026-09-16-dev2-publication/pre-tag-readiness.json": [
      {
        "type": "Hex High Entropy String",
        "filename": ".ea/artifacts/evidence/2026-09-16-dev2-publication/pre-tag-readiness.json",
        "hashed_secret": "3d3f8f293799697bf842acfcb91508bec1335e60",
        "is_verified": false,
        "line_number": 124
      }
    ],
    ".ea/artifacts/evidence/2026-09-18-dev3-conformance/canary-acceptance-walk.json": [
      {
        "type": "Hex High Entropy String",
        "filename": ".ea/artifacts/evidence/2026-09-18-dev3-conformance/canary-acceptance-walk.json",
        "hashed_secret": "1f7a3848a3a44cd7dafe105c3f816e43e4176103",
        "is_verified": false,
        "line_number": 6
      },
      {
        "type": "Hex High Entropy String",
        "filename": ".ea/artifacts/evidence/2026-09-18-dev3-conformance/canary-acceptance-walk.json",
        "hashed_secret": "f8707512da9c820effda852800c90e8e38ac59b0",
        "is_verified": false,
        "line_number": 8
      }
    ],
    ".ea/artifacts/evidence/2026-09-25-dev3-publication/dev3-approved.json": [
      {
        "type": "Hex High Entropy String",
        "filename": ".ea/artifacts/evidence/2026-09-25-dev3-publication/dev3-approved.json",
        "hashed_secret": "be1575bc2a3bc0e35724498ec2180e6d2e013fbe",
        "is_verified": false,
        "line_number": 17
      },
      {
        "type": "Hex High Entropy String",
        "filename": ".ea/artifacts/evidence/2026-09-25-dev3-publication/dev3-approved.json",
        "hashed_secret": "29bd39f6bc8ec53a57e4080026b2a82854083e1a",
        "is_verified": false,
        "line_number": 18
      }
    ],
    ".ea/artifacts/evidence/2026-09-25-dev3-publication/dev3-baked.json": [
      {
        "type": "Hex High Entropy String",
        "filename": ".ea/artifacts/evidence/2026-09-25-dev3-publication/dev3-baked.json",
        "hashed_secret": "be1575bc2a3bc0e35724498ec2180e6d2e013fbe",
        "is_verified": false,
        "line_number": 17
      },
      {
        "type": "Hex High Entropy String",
        "filename": ".ea/artifacts/evidence/2026-09-25-dev3-publication/dev3-baked.json",
        "hashed_secret": "29bd39f6bc8ec53a57e4080026b2a82854083e1a",
        "is_verified": false,
        "line_number": 18
      }
    ],
    ".ea/artifacts/evidence/2026-09-25-dev3-publication/dev3-candidate.json": [
      {
        "type": "Hex High Entropy String",
        "filename": ".ea/artifacts/evidence/2026-09-25-dev3-publication/dev3-candidate.json",
        "hashed_secret": "be1575bc2a3bc0e35724498ec2180e6d2e013fbe",
        "is_verified": false,
        "line_number": 17
      },
      {
        "type": "Hex High Entropy String",
        "filename": ".ea/artifacts/evidence/2026-09-25-dev3-publication/dev3-candidate.json",
        "hashed_secret": "29bd39f6bc8ec53a57e4080026b2a82854083e1a",
        "is_verified": false,
        "line_number": 18
      }
    ],
    ".ea/artifacts/evidence/2026-09-25-dev3-publication/readiness-reply.json": [
      {
        "type": "Hex High Entropy String",
        "filename": ".ea/artifacts/evidence/2026-09-25-dev3-publication/readiness-reply.json",
        "hashed_secret": "be1575bc2a3bc0e35724498ec2180e6d2e013fbe",
        "is_verified": false,
        "line_number": 153
      }
    ],
    ".ea/artifacts/evidence/2026-09-25-dev3-publication/readiness.json": [
      {
        "type": "Hex High Entropy String",
        "filename": ".ea/artifacts/evidence/2026-09-25-dev3-publication/readiness.json",
        "hashed_secret": "be1575bc2a3bc0e35724498ec2180e6d2e013fbe",
        "is_verified": false,
        "line_number": 150
      }
    ],
    ".ea/artifacts/evidence/2026-09-25-dev3-publication/receipts.json": [
      {
        "type": "Hex High Entropy String",
        "filename": ".ea/artifacts/evidence/2026-09-25-dev3-publication/receipts.json",
        "hashed_secret": "be1575bc2a3bc0e35724498ec2180e6d2e013fbe",
        "is_verified": false,
        "line_number": 11
      }
    ],
    ".ea/artifacts/evidence/2026-09-26-dev4-conformance/canary-acceptance-walk.json": [
      {
        "type": "Hex High Entropy String",
        "filename": ".ea/artifacts/evidence/2026-09-26-dev4-conformance/canary-acceptance-walk.json",
        "hashed_secret": "9108223e4e7b1d14eb85d09f9bbac794e2053d61",
        "is_verified": false,
        "line_number": 6
      },
      {
        "type": "Hex High Entropy String",
        "filename": ".ea/artifacts/evidence/2026-09-26-dev4-conformance/canary-acceptance-walk.json",
        "hashed_secret": "f8707512da9c820effda852800c90e8e38ac59b0",
        "is_verified": false,
        "line_number": 8
      }
    ],
    ".ea/artifacts/evidence/2026-09-27-dev5-product-canary/canary-acceptance-walk.json": [
      {
        "type": "Hex High Entropy String",
        "filename": ".ea/artifacts/evidence/2026-09-27-dev5-product-canary/canary-acceptance-walk.json",
        "hashed_secret": "d77fe28510c1d0490971dca0de253f2744bed69d",
        "is_verified": false,
        "line_number": 6
      },
      {
        "type": "Hex High Entropy String",
        "filename": ".ea/artifacts/evidence/2026-09-27-dev5-product-canary/canary-acceptance-walk.json",
        "hashed_secret": "f8707512da9c820effda852800c90e8e38ac59b0",
        "is_verified": false,
        "line_number": 8
      }
    ],
    ".ea/artifacts/evidence/2026-09-27-dev5-publication/dev5-approved.json": [
      {
        "type": "Hex High Entropy String",
        "filename": ".ea/artifacts/evidence/2026-09-27-dev5-publication/dev5-approved.json",
        "hashed_secret": "ed586ebf5d56f3e758712512ebe6938bf510afbe",
        "is_verified": false,
        "line_number": 17
      },
      {
        "type": "Hex High Entropy String",
        "filename": ".ea/artifacts/evidence/2026-09-27-dev5-publication/dev5-approved.json",
        "hashed_secret": "f6c77e34bacfd496b6108f04d876ceaece9b2b50",
        "is_verified": false,
        "line_number": 18
      }
    ],
    ".ea/artifacts/evidence/2026-09-27-dev5-publication/dev5-baked.json": [
      {
        "type": "Hex High Entropy String",
        "filename": ".ea/artifacts/evidence/2026-09-27-dev5-publication/dev5-baked.json",
        "hashed_secret": "ed586ebf5d56f3e758712512ebe6938bf510afbe",
        "is_verified": false,
        "line_number": 17
      },
      {
        "type": "Hex High Entropy String",
        "filename": ".ea/artifacts/evidence/2026-09-27-dev5-publication/dev5-baked.json",
        "hashed_secret": "f6c77e34bacfd496b6108f04d876ceaece9b2b50",
        "is_verified": false,
        "line_number": 18
      }
    ],
    ".ea/artifacts/evidence/2026-09-27-dev5-publication/dev5-candidate.json": [
      {
        "type": "Hex High Entropy String",
        "filename": ".ea/artifacts/evidence/2026-09-27-dev5-publication/dev5-candidate.json",
        "hashed_secret": "ed586ebf5d56f3e758712512ebe6938bf510afbe",
        "is_verified": false,
        "line_number": 17
      },
      {
        "type": "Hex High Entropy String",
        "filename": ".ea/artifacts/evidence/2026-09-27-dev5-publication/dev5-candidate.json",
        "hashed_secret": "f6c77e34bacfd496b6108f04d876ceaece9b2b50",
        "is_verified": false,
        "line_number": 18
      }
    ],
    ".ea/artifacts/evidence/2026-09-27-dev5-publication/readiness-reply.json": [
      {
        "type": "Hex High Entropy String",
        "filename": ".ea/artifacts/evidence/2026-09-27-dev5-publication/readiness-reply.json",
        "hashed_secret": "ed586ebf5d56f3e758712512ebe6938bf510afbe",
        "is_verified": false,
        "line_number": 209
      }
    ],
    ".ea/artifacts/evidence/2026-09-27-dev5-publication/readiness.json": [
      {
        "type": "Hex High Entropy String",
        "filename": ".ea/artifacts/evidence/2026-09-27-dev5-publication/readiness.json",
        "hashed_secret": "ed586ebf5d56f3e758712512ebe6938bf510afbe",
        "is_verified": false,
        "line_number": 206
      }
    ],
    ".ea/artifacts/evidence/2026-09-27-dev5-publication/receipts.json": [
      {
        "type": "Hex High Entropy String",
        "filename": ".ea/artifacts/evidence/2026-09-27-dev5-publication/receipts.json",
        "hashed_secret": "ed586ebf5d56f3e758712512ebe6938bf510afbe",
        "is_verified": false,
        "line_number": 11
      }
    ],
    ".ea/artifacts/evidence/2026-09-dev4-cutover-rehearsal/cutover-rehearsal.json": [
      {
        "type": "Hex High Entropy String",
        "filename": ".ea/artifacts/evidence/2026-09-dev4-cutover-rehearsal/cutover-rehearsal.json",
        "hashed_secret": "ceac2397c37b922c5a1bd64928e5eb84f70fa477",
        "is_verified": false,
        "line_number": 14
      },
      {
        "type": "Hex High Entropy String",
        "filename": ".ea/artifacts/evidence/2026-09-dev4-cutover-rehearsal/cutover-rehearsal.json",
        "hashed_secret": "c1f90b498bc231d8839c87600f0c31001aa8a440",
        "is_verified": false,
        "line_number": 31
      },
      {
        "type": "Hex High Entropy String",
        "filename": ".ea/artifacts/evidence/2026-09-dev4-cutover-rehearsal/cutover-rehearsal.json",
        "hashed_secret": "c5bb76e5cc61e2af0c01d010ecd42d52ab966625",
        "is_verified": false,
        "line_number": 53
      },
      {
        "type": "Hex High Entropy String",
        "filename": ".ea/artifacts/evidence/2026-09-dev4-cutover-rehearsal/cutover-rehearsal.json",
        "hashed_secret": "97a99f96a35cca5af160a0b1b40d45c7278c892b",
        "is_verified": false,
        "line_number": 160
      },
      {
        "type": "Hex High Entropy String",
        "filename": ".ea/artifacts/evidence/2026-09-dev4-cutover-rehearsal/cutover-rehearsal.json",
        "hashed_secret": "358647510c519954b61b4ac3998b9bebaadff18a",
        "is_verified": false,
        "line_number": 468
      },
      {
        "type": "Hex High Entropy String",
        "filename": ".ea/artifacts/evidence/2026-09-dev4-cutover-rehearsal/cutover-rehearsal.json",
        "hashed_secret": "ab6701f5961b9d664d1fc6b0c828962a39a364f2",
        "is_verified": false,
        "line_number": 473
      }
    ],
    ".ea/artifacts/evidence/2026-09-dev5-live-cutover/live-cutover.json": [
      {
        "type": "Hex High Entropy String",
        "filename": ".ea/artifacts/evidence/2026-09-dev5-live-cutover/live-cutover.json",
        "hashed_secret": "0f7c8a316b9fa7934e104fb45aaa4ce4277e117c",
        "is_verified": false,
        "line_number": 12,
        "is_secret": false
      },
      {
        "type": "Hex High Entropy String",
        "filename": ".ea/artifacts/evidence/2026-09-dev5-live-cutover/live-cutover.json",
        "hashed_secret": "f302de9bfb445cacaaef7521a0c2536b928adf54",
        "is_verified": false,
        "line_number": 18,
        "is_secret": false
      },
      {
        "type": "Hex High Entropy String",
        "filename": ".ea/artifacts/evidence/2026-09-dev5-live-cutover/live-cutover.json",
        "hashed_secret": "1369c9beb3a57e7649024d5f2e527e02e4ef0f82",
        "is_verified": false,
        "line_number": 28,
        "is_secret": false
      },
      {
        "type": "Hex High Entropy String",
        "filename": ".ea/artifacts/evidence/2026-09-dev5-live-cutover/live-cutover.json",
        "hashed_secret": "8be74eea28ccc4f5b9008a5842fd728d0387fe3a",
        "is_verified": false,
        "line_number": 29,
        "is_secret": false
      },
      {
        "type": "Hex High Entropy String",
        "filename": ".ea/artifacts/evidence/2026-09-dev5-live-cutover/live-cutover.json",
        "hashed_secret": "b6dc5b3724acb6b6f6c7551f5343783cc56d2a85",
        "is_verified": false,
        "line_number": 31,
        "is_secret": false
      },
      {
        "type": "Hex High Entropy String",
        "filename": ".ea/artifacts/evidence/2026-09-dev5-live-cutover/live-cutover.json",
        "hashed_secret": "56b1be24d2003a120c226f2f7f78c63c29621150",
        "is_verified": false,
        "line_number": 49,
        "is_secret": false
      }
    ],
    ".ea/artifacts/evidence/2026-10-02-rc1-flag-day/canary-acceptance-walk.json": [
      {
        "type": "Hex High Entropy String",
        "filename": ".ea/artifacts/evidence/2026-10-02-rc1-flag-day/canary-acceptance-walk.json",
        "hashed_secret": "cc55b1b9aef8498e0dc4ba358f99e99ab061af0d",
        "is_verified": false,
        "line_number": 6
      },
      {
        "type": "Hex High Entropy String",
        "filename": ".ea/artifacts/evidence/2026-10-02-rc1-flag-day/canary-acceptance-walk.json",
        "hashed_secret": "f8707512da9c820effda852800c90e8e38ac59b0",
        "is_verified": false,
        "line_number": 8
      }
    ],
    ".ea/epoch2-opt-in.json": [
      {
        "type": "Hex High Entropy String",
        "filename": ".ea/epoch2-opt-in.json",
        "hashed_secret": "f302de9bfb445cacaaef7521a0c2536b928adf54",
        "is_verified": false,
        "line_number": 6,
        "is_secret": false
      }
    ],
    ".ea/generations/gen-ca819f3245bf71a8/ledger/artifact.jsonl": [
      {
        "type": "Base64 High Entropy String",
        "filename": ".ea/generations/gen-ca819f3245bf71a8/ledger/artifact.jsonl",
        "hashed_secret": "819ee352fad73da64e3d393ee5c51720af45d0a9",
        "is_verified": false,
        "line_number": 89,
        "is_secret": false
      },
      {
        "type": "Hex High Entropy String",
        "filename": ".ea/generations/gen-ca819f3245bf71a8/ledger/artifact.jsonl",
        "hashed_secret": "04e62b764e48ae1cb57d796234feaa77a1c27aa0",
        "is_verified": false,
        "line_number": 109,
        "is_secret": false
      },
      {
        "type": "Hex High Entropy String",
        "filename": ".ea/generations/gen-ca819f3245bf71a8/ledger/artifact.jsonl",
        "hashed_secret": "d818fa1fdbc4c6ede8acca05c57cfb06109d666c",
        "is_verified": false,
        "line_number": 110,
        "is_secret": false
      },
      {
        "type": "Hex High Entropy String",
        "filename": ".ea/generations/gen-ca819f3245bf71a8/ledger/artifact.jsonl",
        "hashed_secret": "d715576ea41923dcef2a4238a44e7fdcd4dc2beb",
        "is_verified": false,
        "line_number": 111,
        "is_secret": false
      }
    ],
    ".ea/generations/gen-ca819f3245bf71a8/ledger/audit.jsonl": [
      {
        "type": "Base64 High Entropy String",
        "filename": ".ea/generations/gen-ca819f3245bf71a8/ledger/audit.jsonl",
        "hashed_secret": "5b6e283e5571e92bb4766880e3b2bad158c47407",
        "is_verified": false,
        "line_number": 118,
        "is_secret": false
      }
    ],
    ".ea/generations/gen-ca819f3245bf71a8/ledger/batch.jsonl": [
      {
        "type": "Hex High Entropy String",
        "filename": ".ea/generations/gen-ca819f3245bf71a8/ledger/batch.jsonl",
        "hashed_secret": "786bb5f31675ef95b31581581c34d17aa74dc0a5",
        "is_verified": false,
        "line_number": 87
      },
      {
        "type": "Hex High Entropy String",
        "filename": ".ea/generations/gen-ca819f3245bf71a8/ledger/batch.jsonl",
        "hashed_secret": "ed586ebf5d56f3e758712512ebe6938bf510afbe",
        "is_verified": false,
        "line_number": 87
      },
      {
        "type": "Hex High Entropy String",
        "filename": ".ea/generations/gen-ca819f3245bf71a8/ledger/batch.jsonl",
        "hashed_secret": "f0b8d0d30df3de5cd15a7a382c6f97a79304413c",
        "is_verified": false,
        "line_number": 87
      },
      {
        "type": "Hex High Entropy String",
        "filename": ".ea/generations/gen-ca819f3245bf71a8/ledger/batch.jsonl",
        "hashed_secret": "f6c77e34bacfd496b6108f04d876ceaece9b2b50",
        "is_verified": false,
        "line_number": 87
      },
      {
        "type": "Hex High Entropy String",
        "filename": ".ea/generations/gen-ca819f3245bf71a8/ledger/batch.jsonl",
        "hashed_secret": "60871fbb825a25516a3034a583befc3e9b0cfb60",
        "is_verified": false,
        "line_number": 91
      },
      {
        "type": "Hex High Entropy String",
        "filename": ".ea/generations/gen-ca819f3245bf71a8/ledger/batch.jsonl",
        "hashed_secret": "6d32254c91be944e687335506d29e79e847620f1",
        "is_verified": false,
        "line_number": 91
      },
      {
        "type": "Hex High Entropy String",
        "filename": ".ea/generations/gen-ca819f3245bf71a8/ledger/batch.jsonl",
        "hashed_secret": "6e53cbb608295889e5a74a00f3aea5b44340b8ac",
        "is_verified": false,
        "line_number": 91
      },
      {
        "type": "Hex High Entropy String",
        "filename": ".ea/generations/gen-ca819f3245bf71a8/ledger/batch.jsonl",
        "hashed_secret": "f2341a28811c40fb876fb9aac2c00a97805f06cb",
        "is_verified": false,
        "line_number": 91
      },
      {
        "type": "Hex High Entropy String",
        "filename": ".ea/generations/gen-ca819f3245bf71a8/ledger/batch.jsonl",
        "hashed_secret": "08a1833df00bf0bd45548bbed1641e5b3fe9828d",
        "is_verified": false,
        "line_number": 95
      },
      {
        "type": "Hex High Entropy String",
        "filename": ".ea/generations/gen-ca819f3245bf71a8/ledger/batch.jsonl",
        "hashed_secret": "87951b3bfea3ff0089787b0d3901dc118c1e2697",
        "is_verified": false,
        "line_number": 95
      },
      {
        "type": "Hex High Entropy String",
        "filename": ".ea/generations/gen-ca819f3245bf71a8/ledger/batch.jsonl",
        "hashed_secret": "bc55c04558df3b314793893cd116954823722e8b",
        "is_verified": false,
        "line_number": 95
      },
      {
        "type": "Hex High Entropy String",
        "filename": ".ea/generations/gen-ca819f3245bf71a8/ledger/batch.jsonl",
        "hashed_secret": "bf27ded0d01ff30a46c387997d92546003ffd859",
        "is_verified": false,
        "line_number": 95
      },
      {
        "type": "Hex High Entropy String",
        "filename": ".ea/generations/gen-ca819f3245bf71a8/ledger/batch.jsonl",
        "hashed_secret": "176b10ffe658094e2dc284e0858f6625e4f23dd3",
        "is_verified": false,
        "line_number": 97
      },
      {
        "type": "Hex High Entropy String",
        "filename": ".ea/generations/gen-ca819f3245bf71a8/ledger/batch.jsonl",
        "hashed_secret": "44872a4d913221344b413c6c8fe53bc645eb753a",
        "is_verified": false,
        "line_number": 97
      },
      {
        "type": "Hex High Entropy String",
        "filename": ".ea/generations/gen-ca819f3245bf71a8/ledger/batch.jsonl",
        "hashed_secret": "7c4f611ffb3a4046a6a6ccbeae1b59e121d0e6d7",
        "is_verified": false,
        "line_number": 97
      },
      {
        "type": "Hex High Entropy String",
        "filename": ".ea/generations/gen-ca819f3245bf71a8/ledger/batch.jsonl",
        "hashed_secret": "2ea90d9f49bd0b77d45313e1a19d3b606648fa77",
        "is_verified": false,
        "line_number": 99
      },
      {
        "type": "Hex High Entropy String",
        "filename": ".ea/generations/gen-ca819f3245bf71a8/ledger/batch.jsonl",
        "hashed_secret": "7cdbb487a8d33f515c5b3daf0b5451a30ee25ae4",
        "is_verified": false,
        "line_number": 99
      },
      {
        "type": "Hex High Entropy String",
        "filename": ".ea/generations/gen-ca819f3245bf71a8/ledger/batch.jsonl",
        "hashed_secret": "8667d3ecfb05cfd09155a184982eed0dd1174ae0",
        "is_verified": false,
        "line_number": 99
      },
      {
        "type": "Hex High Entropy String",
        "filename": ".ea/generations/gen-ca819f3245bf71a8/ledger/batch.jsonl",
        "hashed_secret": "85e1cff4b0cb9c25baaea4723e2633423e95b5c5",
        "is_verified": false,
        "line_number": 105
      },
      {
        "type": "Hex High Entropy String",
        "filename": ".ea/generations/gen-ca819f3245bf71a8/ledger/batch.jsonl",
        "hashed_secret": "c7cf7567aa7ad31b8ce4a4072c47606238cddc47",
        "is_verified": false,
        "line_number": 105
      },
      {
        "type": "Hex High Entropy String",
        "filename": ".ea/generations/gen-ca819f3245bf71a8/ledger/batch.jsonl",
        "hashed_secret": "cb27c784476ecdbafc94f54cbe79a5ff835a51db",
        "is_verified": false,
        "line_number": 105
      },
      {
        "type": "Hex High Entropy String",
        "filename": ".ea/generations/gen-ca819f3245bf71a8/ledger/batch.jsonl",
        "hashed_secret": "3ec059172d928db48d7783ba9baa9438fecbc075",
        "is_verified": false,
        "line_number": 109
      },
      {
        "type": "Hex High Entropy String",
        "filename": ".ea/generations/gen-ca819f3245bf71a8/ledger/batch.jsonl",
        "hashed_secret": "4fba364013643c697d0a2d82fe8eba4cce5fd7f4",
        "is_verified": false,
        "line_number": 109
      },
      {
        "type": "Hex High Entropy String",
        "filename": ".ea/generations/gen-ca819f3245bf71a8/ledger/batch.jsonl",
        "hashed_secret": "94d675448be34ec3bdd4711ca5dbb064b41ebfce",
        "is_verified": false,
        "line_number": 109
      },
      {
        "type": "Hex High Entropy String",
        "filename": ".ea/generations/gen-ca819f3245bf71a8/ledger/batch.jsonl",
        "hashed_secret": "b5d0c0dcc0eec3fcb051fcf7375c1b19b8059980",
        "is_verified": false,
        "line_number": 109
      },
      {
        "type": "Hex High Entropy String",
        "filename": ".ea/generations/gen-ca819f3245bf71a8/ledger/batch.jsonl",
        "hashed_secret": "3f72e2e0efab5977a3b589f5b0af8c535808d307",
        "is_verified": false,
        "line_number": 111
      },
      {
        "type": "Hex High Entropy String",
        "filename": ".ea/generations/gen-ca819f3245bf71a8/ledger/batch.jsonl",
        "hashed_secret": "68eaaab977431a9059530b0f7f4bdbcb6a6707ab",
        "is_verified": false,
        "line_number": 111
      },
      {
        "type": "Hex High Entropy String",
        "filename": ".ea/generations/gen-ca819f3245bf71a8/ledger/batch.jsonl",
        "hashed_secret": "8b1665d77f21eb2806df597b4d0130cd3770025c",
        "is_verified": false,
        "line_number": 111
      },
      {
        "type": "Hex High Entropy String",
        "filename": ".ea/generations/gen-ca819f3245bf71a8/ledger/batch.jsonl",
        "hashed_secret": "8ee7f919fe09b5f12cb809f5963a721cc5f1647f",
        "is_verified": false,
        "line_number": 111
      },
      {
        "type": "Hex High Entropy String",
        "filename": ".ea/generations/gen-ca819f3245bf71a8/ledger/batch.jsonl",
        "hashed_secret": "53ccf7e408e2b4f4fdf4bcf105a9a8aa156c3aad",
        "is_verified": false,
        "line_number": 113
      },
      {
        "type": "Hex High Entropy String",
        "filename": ".ea/generations/gen-ca819f3245bf71a8/ledger/batch.jsonl",
        "hashed_secret": "6b50c91c6ce3b365ea871833632db628d7efd9df",
        "is_verified": false,
        "line_number": 113
      },
      {
        "type": "Hex High Entropy String",
        "filename": ".ea/generations/gen-ca819f3245bf71a8/ledger/batch.jsonl",
        "hashed_secret": "aeda222525988d02d9e1835e8589359e4a098148",
        "is_verified": false,
        "line_number": 113
      },
      {
        "type": "Hex High Entropy String",
        "filename": ".ea/generations/gen-ca819f3245bf71a8/ledger/batch.jsonl",
        "hashed_secret": "68bcd13fdbe70432415238bda2a01f74b99b8c4e",
        "is_verified": false,
        "line_number": 115
      },
      {
        "type": "Hex High Entropy String",
        "filename": ".ea/generations/gen-ca819f3245bf71a8/ledger/batch.jsonl",
        "hashed_secret": "980f9e4918c8edede6b0908dab7f5c96c41acbac",
        "is_verified": false,
        "line_number": 115
      },
      {
        "type": "Hex High Entropy String",
        "filename": ".ea/generations/gen-ca819f3245bf71a8/ledger/batch.jsonl",
        "hashed_secret": "bfb5cfdd6f87d1fe089587fca5c0fddce001a6ab",
        "is_verified": false,
        "line_number": 115
      },
      {
        "type": "Hex High Entropy String",
        "filename": ".ea/generations/gen-ca819f3245bf71a8/ledger/batch.jsonl",
        "hashed_secret": "414c77e074357f7439344f8923727c5c284e11ec",
        "is_verified": false,
        "line_number": 117
      },
      {
        "type": "Hex High Entropy String",
        "filename": ".ea/generations/gen-ca819f3245bf71a8/ledger/batch.jsonl",
        "hashed_secret": "773bb9220d3d974ddc6b2e92dc8da4d921c286b7",
        "is_verified": false,
        "line_number": 117
      },
      {
        "type": "Hex High Entropy String",
        "filename": ".ea/generations/gen-ca819f3245bf71a8/ledger/batch.jsonl",
        "hashed_secret": "7be20d016cb36fb7c48510c0b90ddcf29dd43397",
        "is_verified": false,
        "line_number": 117
      }
    ],
    ".ea/generations/gen-ca819f3245bf71a8/ledger/milestone.jsonl": [
      {
        "type": "Hex High Entropy String",
        "filename": ".ea/generations/gen-ca819f3245bf71a8/ledger/milestone.jsonl",
        "hashed_secret": "ed586ebf5d56f3e758712512ebe6938bf510afbe",
        "is_verified": false,
        "line_number": 38
      },
      {
        "type": "Hex High Entropy String",
        "filename": ".ea/generations/gen-ca819f3245bf71a8/ledger/milestone.jsonl",
        "hashed_secret": "f6c77e34bacfd496b6108f04d876ceaece9b2b50",
        "is_verified": false,
        "line_number": 38
      }
    ]
  },
  "generated_at": "2026-09-16T16:15:03Z"
}
